// Jest Snapshot v1, https://goo.gl/fbAQLP

exports[`node-sass implementation main outputs the correct files when outputFolder is passed 1`] = `
Array [
  Object {
    "contents": "export declare const myCustomClass: string;
export declare const nestedAnother: string;
export declare const nestedClass: string;
export declare const nestedStyles: string;
export declare const number1: string;
export declare const someStyles: string;
export declare const whereSelector: string;
",
    "path": "../__generated__/__tests__/dummy-styles/alias-prefixes.scss.d.ts",
  },
  Object {
    "contents": "export declare const myCustomClass: string;
export declare const nestedAnother: string;
export declare const nestedClass: string;
export declare const number1: string;
export declare const someClass: string;
export declare const someStyles: string;
export declare const whereSelector: string;
",
    "path": "../__generated__/__tests__/dummy-styles/aliases.scss.d.ts",
  },
  Object {
    "contents": "export declare const nestedAnother: string;
export declare const nestedClass: string;
export declare const number1: string;
export declare const someStyles: string;
export declare const whereSelector: string;
",
    "path": "../__generated__/__tests__/dummy-styles/complex.scss.d.ts",
  },
  Object {
    "contents": "export declare const composedClass: string;
",
    "path": "../__generated__/__tests__/dummy-styles/composes.scss.d.ts",
  },
  Object {
    "contents": "export declare const app: string;
export declare const appHeader: string;
export declare const logo: string;
",
    "path": "../__generated__/__tests__/dummy-styles/dashes.scss.d.ts",
  },
  Object {
    "contents": "export declare const globalStyle: string;
",
    "path": "../__generated__/__tests__/dummy-styles/global-variables.scss.d.ts",
  },
  Object {
    "contents": "export declare const randomClass: string;
",
    "path": "../__generated__/__tests__/dummy-styles/invalid.scss.d.ts",
  },
  Object {
    "contents": "export declare const nestedStyles: string;
",
    "path": "../__generated__/__tests__/dummy-styles/nested-styles/style.scss.d.ts",
  },
  Object {
    "contents": "export declare const someClass: string;
",
    "path": "../__generated__/__tests__/dummy-styles/style.scss.d.ts",
  },
]
`;

exports[`node-sass implementation main reads options from the configuration file 1`] = `
Array [
  Object {
    "contents": "export type Styles = {
  myCustomClass: string;
  nestedAnother: string;
  nestedClass: string;
  nestedStyles: string;
  number1: string;
  someStyles: string;
  whereSelector: string;
};

export type ClassNames = keyof Styles;

declare const styles: Styles;

export default styles;
",
    "path": "dummy-styles/alias-prefixes.scss.d.ts",
  },
  Object {
    "contents": "export type Styles = {
  myCustomClass: string;
  nestedAnother: string;
  nestedClass: string;
  number1: string;
  someClass: string;
  someStyles: string;
  whereSelector: string;
};

export type ClassNames = keyof Styles;

declare const styles: Styles;

export default styles;
",
    "path": "dummy-styles/aliases.scss.d.ts",
  },
  Object {
    "contents": "export type Styles = {
  nestedAnother: string;
  nestedClass: string;
  number1: string;
  someStyles: string;
  whereSelector: string;
};

export type ClassNames = keyof Styles;

declare const styles: Styles;

export default styles;
",
    "path": "dummy-styles/complex.scss.d.ts",
  },
  Object {
    "contents": "export type Styles = {
  composedClass: string;
};

export type ClassNames = keyof Styles;

declare const styles: Styles;

export default styles;
",
    "path": "dummy-styles/composes.scss.d.ts",
  },
  Object {
    "contents": "export type Styles = {
  app: string;
  appHeader: string;
  logo: string;
};

export type ClassNames = keyof Styles;

declare const styles: Styles;

export default styles;
",
    "path": "dummy-styles/dashes.scss.d.ts",
  },
  Object {
    "contents": "export type Styles = {
  globalStyle: string;
};

export type ClassNames = keyof Styles;

declare const styles: Styles;

export default styles;
",
    "path": "dummy-styles/global-variables.scss.d.ts",
  },
  Object {
    "contents": "export type Styles = {
  randomClass: string;
};

export type ClassNames = keyof Styles;

declare const styles: Styles;

export default styles;
",
    "path": "dummy-styles/invalid.scss.d.ts",
  },
  Object {
    "contents": "export type Styles = {
  nestedStyles: string;
};

export type ClassNames = keyof Styles;

declare const styles: Styles;

export default styles;
",
    "path": "dummy-styles/nested-styles/style.scss.d.ts",
  },
  Object {
    "contents": "export type Styles = {
  someClass: string;
};

export type ClassNames = keyof Styles;

declare const styles: Styles;

export default styles;
",
    "path": "dummy-styles/style.scss.d.ts",
  },
]
`;

exports[`sass implementation main outputs the correct files when outputFolder is passed 1`] = `
Array [
  Object {
    "contents": "export declare const myCustomClass: string;
export declare const nestedAnother: string;
export declare const nestedClass: string;
export declare const nestedStyles: string;
export declare const number1: string;
export declare const someStyles: string;
export declare const whereSelector: string;
",
    "path": "../__generated__/__tests__/dummy-styles/alias-prefixes.scss.d.ts",
  },
  Object {
    "contents": "export declare const myCustomClass: string;
export declare const nestedAnother: string;
export declare const nestedClass: string;
export declare const number1: string;
export declare const someClass: string;
export declare const someStyles: string;
export declare const whereSelector: string;
",
    "path": "../__generated__/__tests__/dummy-styles/aliases.scss.d.ts",
  },
  Object {
    "contents": "export declare const nestedAnother: string;
export declare const nestedClass: string;
export declare const number1: string;
export declare const someStyles: string;
export declare const whereSelector: string;
",
    "path": "../__generated__/__tests__/dummy-styles/complex.scss.d.ts",
  },
  Object {
    "contents": "export declare const composedClass: string;
",
    "path": "../__generated__/__tests__/dummy-styles/composes.scss.d.ts",
  },
  Object {
    "contents": "export declare const app: string;
export declare const appHeader: string;
export declare const logo: string;
",
    "path": "../__generated__/__tests__/dummy-styles/dashes.scss.d.ts",
  },
  Object {
    "contents": "export declare const globalStyle: string;
",
    "path": "../__generated__/__tests__/dummy-styles/global-variables.scss.d.ts",
  },
  Object {
    "contents": "export declare const randomClass: string;
",
    "path": "../__generated__/__tests__/dummy-styles/invalid.scss.d.ts",
  },
  Object {
    "contents": "export declare const nestedStyles: string;
",
    "path": "../__generated__/__tests__/dummy-styles/nested-styles/style.scss.d.ts",
  },
  Object {
    "contents": "export declare const someClass: string;
",
    "path": "../__generated__/__tests__/dummy-styles/style.scss.d.ts",
  },
]
`;

exports[`sass implementation main reads options from the configuration file 1`] = `
Array [
  Object {
    "contents": "export type Styles = {
  myCustomClass: string;
  nestedAnother: string;
  nestedClass: string;
  nestedStyles: string;
  number1: string;
  someStyles: string;
  whereSelector: string;
};

export type ClassNames = keyof Styles;

declare const styles: Styles;

export default styles;
",
    "path": "dummy-styles/alias-prefixes.scss.d.ts",
  },
  Object {
    "contents": "export type Styles = {
  myCustomClass: string;
  nestedAnother: string;
  nestedClass: string;
  number1: string;
  someClass: string;
  someStyles: string;
  whereSelector: string;
};

export type ClassNames = keyof Styles;

declare const styles: Styles;

export default styles;
",
    "path": "dummy-styles/aliases.scss.d.ts",
  },
  Object {
    "contents": "export type Styles = {
  nestedAnother: string;
  nestedClass: string;
  number1: string;
  someStyles: string;
  whereSelector: string;
};

export type ClassNames = keyof Styles;

declare const styles: Styles;

export default styles;
",
    "path": "dummy-styles/complex.scss.d.ts",
  },
  Object {
    "contents": "export type Styles = {
  composedClass: string;
};

export type ClassNames = keyof Styles;

declare const styles: Styles;

export default styles;
",
    "path": "dummy-styles/composes.scss.d.ts",
  },
  Object {
    "contents": "export type Styles = {
  app: string;
  appHeader: string;
  logo: string;
};

export type ClassNames = keyof Styles;

declare const styles: Styles;

export default styles;
",
    "path": "dummy-styles/dashes.scss.d.ts",
  },
  Object {
    "contents": "export type Styles = {
  globalStyle: string;
};

export type ClassNames = keyof Styles;

declare const styles: Styles;

export default styles;
",
    "path": "dummy-styles/global-variables.scss.d.ts",
  },
  Object {
    "contents": "export type Styles = {
  randomClass: string;
};

export type ClassNames = keyof Styles;

declare const styles: Styles;

export default styles;
",
    "path": "dummy-styles/invalid.scss.d.ts",
  },
  Object {
    "contents": "export type Styles = {
  nestedStyles: string;
};

export type ClassNames = keyof Styles;

declare const styles: Styles;

export default styles;
",
    "path": "dummy-styles/nested-styles/style.scss.d.ts",
  },
  Object {
    "contents": "export type Styles = {
  someClass: string;
};

export type ClassNames = keyof Styles;

declare const styles: Styles;

export default styles;
",
    "path": "dummy-styles/style.scss.d.ts",
  },
]
`;
